57
8fa33b5744940d5702cd5757c9fa6197
6c620fc028f602972a3b55c0e3c1345e
ef64239ec7922109eda974076b990cfc
4ce9bef72a7ebd02961c3005fd853cd5
2b84882201fa352097e605256a63399d
2bdf4abf2a257f9fbdc37abad7a043b0
6cbb8a0f469ef590fb5d8f2a2cfdccb2
4d9c1fbd0b02ea2df05f6507dca2a9a1
572b271c5c29cd31ac76a83670d4016a
4e220376120bce47be7d6671cea967b0
f9282fc6eb23e181555e87f09bf7e0
d718e872c45df9555a6a11f9f477a512
