FFFB588C90909090909090909090909053E58955F24EC838B1055BE74E8084581FFFB7055CD1C324548900C558B10C245489528B108B2444C7F44
3925841D02DC09FBDC118597196A0B32
